<?xml version="1.0" encoding="ISO-8859-1" ?>
<link_info>
   <banner>MSP430 Linker Unix v18.1.4.LTS</banner>
   <copyright>Copyright (c) 2003-2018 Texas Instruments Incorporated</copyright>
   <link_time>0x5dcdfe3f</link_time>
   <link_errors>0x0</link_errors>
   <output_file>ECE298_Project.out</output_file>
   <entry_point>
      <name>_c_int00_noargs</name>
      <address>0xd922</address>
   </entry_point>
   <input_file_list>
      <input_file id="fl-2">
         <path>./</path>
         <kind>object</kind>
         <file>hal_LCD.obj</file>
         <name>hal_LCD.obj</name>
      </input_file>
      <input_file id="fl-3">
         <path>./</path>
         <kind>object</kind>
         <file>main.obj</file>
         <name>main.obj</name>
      </input_file>
      <input_file id="fl-4">
         <path>./driverlib/</path>
         <kind>object</kind>
         <file>adc.obj</file>
         <name>adc.obj</name>
      </input_file>
      <input_file id="fl-5">
         <path>./driverlib/</path>
         <kind>object</kind>
         <file>crc.obj</file>
         <name>crc.obj</name>
      </input_file>
      <input_file id="fl-6">
         <path>./driverlib/</path>
         <kind>object</kind>
         <file>cs.obj</file>
         <name>cs.obj</name>
      </input_file>
      <input_file id="fl-7">
         <path>./driverlib/</path>
         <kind>object</kind>
         <file>ecomp.obj</file>
         <name>ecomp.obj</name>
      </input_file>
      <input_file id="fl-8">
         <path>./driverlib/</path>
         <kind>object</kind>
         <file>eusci_a_spi.obj</file>
         <name>eusci_a_spi.obj</name>
      </input_file>
      <input_file id="fl-9">
         <path>./driverlib/</path>
         <kind>object</kind>
         <file>eusci_a_uart.obj</file>
         <name>eusci_a_uart.obj</name>
      </input_file>
      <input_file id="fl-a">
         <path>./driverlib/</path>
         <kind>object</kind>
         <file>eusci_b_i2c.obj</file>
         <name>eusci_b_i2c.obj</name>
      </input_file>
      <input_file id="fl-b">
         <path>./driverlib/</path>
         <kind>object</kind>
         <file>eusci_b_spi.obj</file>
         <name>eusci_b_spi.obj</name>
      </input_file>
      <input_file id="fl-c">
         <path>./driverlib/</path>
         <kind>object</kind>
         <file>framctl.obj</file>
         <name>framctl.obj</name>
      </input_file>
      <input_file id="fl-d">
         <path>./driverlib/</path>
         <kind>object</kind>
         <file>gpio.obj</file>
         <name>gpio.obj</name>
      </input_file>
      <input_file id="fl-e">
         <path>./driverlib/</path>
         <kind>object</kind>
         <file>icc.obj</file>
         <name>icc.obj</name>
      </input_file>
      <input_file id="fl-f">
         <path>./driverlib/</path>
         <kind>object</kind>
         <file>lcd_e.obj</file>
         <name>lcd_e.obj</name>
      </input_file>
      <input_file id="fl-10">
         <path>./driverlib/</path>
         <kind>object</kind>
         <file>mpy32.obj</file>
         <name>mpy32.obj</name>
      </input_file>
      <input_file id="fl-11">
         <path>./driverlib/</path>
         <kind>object</kind>
         <file>pmm.obj</file>
         <name>pmm.obj</name>
      </input_file>
      <input_file id="fl-12">
         <path>./driverlib/</path>
         <kind>object</kind>
         <file>rtc.obj</file>
         <name>rtc.obj</name>
      </input_file>
      <input_file id="fl-13">
         <path>./driverlib/</path>
         <kind>object</kind>
         <file>sac.obj</file>
         <name>sac.obj</name>
      </input_file>
      <input_file id="fl-14">
         <path>./driverlib/</path>
         <kind>object</kind>
         <file>sfr.obj</file>
         <name>sfr.obj</name>
      </input_file>
      <input_file id="fl-15">
         <path>./driverlib/</path>
         <kind>object</kind>
         <file>sysctl.obj</file>
         <name>sysctl.obj</name>
      </input_file>
      <input_file id="fl-16">
         <path>./driverlib/</path>
         <kind>object</kind>
         <file>tia.obj</file>
         <name>tia.obj</name>
      </input_file>
      <input_file id="fl-17">
         <path>./driverlib/</path>
         <kind>object</kind>
         <file>timer_a.obj</file>
         <name>timer_a.obj</name>
      </input_file>
      <input_file id="fl-18">
         <path>./driverlib/</path>
         <kind>object</kind>
         <file>timer_b.obj</file>
         <name>timer_b.obj</name>
      </input_file>
      <input_file id="fl-19">
         <path>./driverlib/</path>
         <kind>object</kind>
         <file>tlv.obj</file>
         <name>tlv.obj</name>
      </input_file>
      <input_file id="fl-1a">
         <path>./driverlib/</path>
         <kind>object</kind>
         <file>wdt_a.obj</file>
         <name>wdt_a.obj</name>
      </input_file>
      <input_file id="fl-1f">
         <kind>object</kind>
         <file>&lt;internal&gt;</file>
         <name>&lt;internal&gt;</name>
      </input_file>
      <input_file id="fl-35">
         <path>/Applications/ti/ccsv8/tools/compiler/ti-cgt-msp430_18.1.4.LTS/lib/</path>
         <kind>archive</kind>
         <file>rts430x_lc_sd_eabi.lib</file>
         <name>div16s.asm.obj</name>
      </input_file>
      <input_file id="fl-36">
         <path>/Applications/ti/ccsv8/tools/compiler/ti-cgt-msp430_18.1.4.LTS/lib/</path>
         <kind>archive</kind>
         <file>rts430x_lc_sd_eabi.lib</file>
         <name>div16u.asm.obj</name>
      </input_file>
      <input_file id="fl-37">
         <path>/Applications/ti/ccsv8/tools/compiler/ti-cgt-msp430_18.1.4.LTS/lib/</path>
         <kind>archive</kind>
         <file>rts430x_lc_sd_eabi.lib</file>
         <name>div32s.asm.obj</name>
      </input_file>
      <input_file id="fl-38">
         <path>/Applications/ti/ccsv8/tools/compiler/ti-cgt-msp430_18.1.4.LTS/lib/</path>
         <kind>archive</kind>
         <file>rts430x_lc_sd_eabi.lib</file>
         <name>div32u.asm.obj</name>
      </input_file>
      <input_file id="fl-39">
         <path>/Applications/ti/ccsv8/tools/compiler/ti-cgt-msp430_18.1.4.LTS/lib/</path>
         <kind>archive</kind>
         <file>rts430x_lc_sd_eabi.lib</file>
         <name>int45.asm.obj</name>
      </input_file>
      <input_file id="fl-3a">
         <path>/Applications/ti/ccsv8/tools/compiler/ti-cgt-msp430_18.1.4.LTS/lib/</path>
         <kind>archive</kind>
         <file>rts430x_lc_sd_eabi.lib</file>
         <name>int46.asm.obj</name>
      </input_file>
      <input_file id="fl-3b">
         <path>/Applications/ti/ccsv8/tools/compiler/ti-cgt-msp430_18.1.4.LTS/lib/</path>
         <kind>archive</kind>
         <file>rts430x_lc_sd_eabi.lib</file>
         <name>int47.asm.obj</name>
      </input_file>
      <input_file id="fl-3c">
         <path>/Applications/ti/ccsv8/tools/compiler/ti-cgt-msp430_18.1.4.LTS/lib/</path>
         <kind>archive</kind>
         <file>rts430x_lc_sd_eabi.lib</file>
         <name>int49.asm.obj</name>
      </input_file>
      <input_file id="fl-3d">
         <path>/Applications/ti/ccsv8/tools/compiler/ti-cgt-msp430_18.1.4.LTS/lib/</path>
         <kind>archive</kind>
         <file>rts430x_lc_sd_eabi.lib</file>
         <name>int51.asm.obj</name>
      </input_file>
      <input_file id="fl-3e">
         <path>/Applications/ti/ccsv8/tools/compiler/ti-cgt-msp430_18.1.4.LTS/lib/</path>
         <kind>archive</kind>
         <file>rts430x_lc_sd_eabi.lib</file>
         <name>int52.asm.obj</name>
      </input_file>
      <input_file id="fl-3f">
         <path>/Applications/ti/ccsv8/tools/compiler/ti-cgt-msp430_18.1.4.LTS/lib/</path>
         <kind>archive</kind>
         <file>rts430x_lc_sd_eabi.lib</file>
         <name>int54.asm.obj</name>
      </input_file>
      <input_file id="fl-40">
         <path>/Applications/ti/ccsv8/tools/compiler/ti-cgt-msp430_18.1.4.LTS/lib/</path>
         <kind>archive</kind>
         <file>rts430x_lc_sd_eabi.lib</file>
         <name>int55.asm.obj</name>
      </input_file>
      <input_file id="fl-41">
         <path>/Applications/ti/ccsv8/tools/compiler/ti-cgt-msp430_18.1.4.LTS/lib/</path>
         <kind>archive</kind>
         <file>rts430x_lc_sd_eabi.lib</file>
         <name>int56.asm.obj</name>
      </input_file>
      <input_file id="fl-42">
         <path>/Applications/ti/ccsv8/tools/compiler/ti-cgt-msp430_18.1.4.LTS/lib/</path>
         <kind>archive</kind>
         <file>rts430x_lc_sd_eabi.lib</file>
         <name>int57.asm.obj</name>
      </input_file>
      <input_file id="fl-43">
         <path>/Applications/ti/ccsv8/tools/compiler/ti-cgt-msp430_18.1.4.LTS/lib/</path>
         <kind>archive</kind>
         <file>rts430x_lc_sd_eabi.lib</file>
         <name>int58.asm.obj</name>
      </input_file>
      <input_file id="fl-44">
         <path>/Applications/ti/ccsv8/tools/compiler/ti-cgt-msp430_18.1.4.LTS/lib/</path>
         <kind>archive</kind>
         <file>rts430x_lc_sd_eabi.lib</file>
         <name>isr_trap.asm.obj</name>
      </input_file>
      <input_file id="fl-45">
         <path>/Applications/ti/ccsv8/tools/compiler/ti-cgt-msp430_18.1.4.LTS/lib/</path>
         <kind>archive</kind>
         <file>rts430x_lc_sd_eabi.lib</file>
         <name>lsl16.asm.obj</name>
      </input_file>
      <input_file id="fl-46">
         <path>/Applications/ti/ccsv8/tools/compiler/ti-cgt-msp430_18.1.4.LTS/lib/</path>
         <kind>archive</kind>
         <file>rts430x_lc_sd_eabi.lib</file>
         <name>lsr16.asm.obj</name>
      </input_file>
      <input_file id="fl-47">
         <path>/Applications/ti/ccsv8/tools/compiler/ti-cgt-msp430_18.1.4.LTS/lib/</path>
         <kind>archive</kind>
         <file>rts430x_lc_sd_eabi.lib</file>
         <name>mult16.asm.obj</name>
      </input_file>
      <input_file id="fl-48">
         <path>/Applications/ti/ccsv8/tools/compiler/ti-cgt-msp430_18.1.4.LTS/lib/</path>
         <kind>archive</kind>
         <file>rts430x_lc_sd_eabi.lib</file>
         <name>mult32.asm.obj</name>
      </input_file>
      <input_file id="fl-49">
         <path>/Applications/ti/ccsv8/tools/compiler/ti-cgt-msp430_18.1.4.LTS/lib/</path>
         <kind>archive</kind>
         <file>rts430x_lc_sd_eabi.lib</file>
         <name>boot.c.obj</name>
      </input_file>
      <input_file id="fl-4a">
         <path>/Applications/ti/ccsv8/tools/compiler/ti-cgt-msp430_18.1.4.LTS/lib/</path>
         <kind>archive</kind>
         <file>rts430x_lc_sd_eabi.lib</file>
         <name>autoinit.c.obj</name>
      </input_file>
      <input_file id="fl-4b">
         <path>/Applications/ti/ccsv8/tools/compiler/ti-cgt-msp430_18.1.4.LTS/lib/</path>
         <kind>archive</kind>
         <file>rts430x_lc_sd_eabi.lib</file>
         <name>copy_zero_init.c.obj</name>
      </input_file>
      <input_file id="fl-4c">
         <path>/Applications/ti/ccsv8/tools/compiler/ti-cgt-msp430_18.1.4.LTS/lib/</path>
         <kind>archive</kind>
         <file>rts430x_lc_sd_eabi.lib</file>
         <name>cpy_tbl.c.obj</name>
      </input_file>
      <input_file id="fl-4d">
         <path>/Applications/ti/ccsv8/tools/compiler/ti-cgt-msp430_18.1.4.LTS/lib/</path>
         <kind>archive</kind>
         <file>rts430x_lc_sd_eabi.lib</file>
         <name>mpu_init.c.obj</name>
      </input_file>
      <input_file id="fl-4e">
         <path>/Applications/ti/ccsv8/tools/compiler/ti-cgt-msp430_18.1.4.LTS/lib/</path>
         <kind>archive</kind>
         <file>rts430x_lc_sd_eabi.lib</file>
         <name>pre_init.c.obj</name>
      </input_file>
      <input_file id="fl-4f">
         <path>/Applications/ti/ccsv8/tools/compiler/ti-cgt-msp430_18.1.4.LTS/lib/</path>
         <kind>archive</kind>
         <file>rts430x_lc_sd_eabi.lib</file>
         <name>startup.c.obj</name>
      </input_file>
      <input_file id="fl-50">
         <path>/Applications/ti/ccsv8/tools/compiler/ti-cgt-msp430_18.1.4.LTS/lib/</path>
         <kind>archive</kind>
         <file>rts430x_lc_sd_eabi.lib</file>
         <name>copy_decompress_none.c.obj</name>
      </input_file>
      <input_file id="fl-51">
         <path>/Applications/ti/ccsv8/tools/compiler/ti-cgt-msp430_18.1.4.LTS/lib/</path>
         <kind>archive</kind>
         <file>rts430x_lc_sd_eabi.lib</file>
         <name>copy_decompress_lzss.c.obj</name>
      </input_file>
      <input_file id="fl-52">
         <path>/Applications/ti/ccsv8/tools/compiler/ti-cgt-msp430_18.1.4.LTS/lib/</path>
         <kind>archive</kind>
         <file>rts430x_lc_sd_eabi.lib</file>
         <name>exit.c.obj</name>
      </input_file>
      <input_file id="fl-53">
         <path>/Applications/ti/ccsv8/tools/compiler/ti-cgt-msp430_18.1.4.LTS/lib/</path>
         <kind>archive</kind>
         <file>rts430x_lc_sd_eabi.lib</file>
         <name>memory.c.obj</name>
      </input_file>
      <input_file id="fl-54">
         <path>/Applications/ti/ccsv8/tools/compiler/ti-cgt-msp430_18.1.4.LTS/lib/</path>
         <kind>archive</kind>
         <file>rts430x_lc_sd_eabi.lib</file>
         <name>_lock.c.obj</name>
      </input_file>
      <input_file id="fl-55">
         <path>/Applications/ti/ccsv8/tools/compiler/ti-cgt-msp430_18.1.4.LTS/lib/</path>
         <kind>archive</kind>
         <file>rts430x_lc_sd_eabi.lib</file>
         <name>args_main.c.obj</name>
      </input_file>
      <input_file id="fl-56">
         <path>/Applications/ti/ccsv8/tools/compiler/ti-cgt-msp430_18.1.4.LTS/lib/</path>
         <kind>archive</kind>
         <file>rts430x_lc_sd_eabi.lib</file>
         <name>memcpy.c.obj</name>
      </input_file>
      <input_file id="fl-57">
         <path>/Applications/ti/ccsv8/tools/compiler/ti-cgt-msp430_18.1.4.LTS/lib/</path>
         <kind>archive</kind>
         <file>rts430x_lc_sd_eabi.lib</file>
         <name>strlen.c.obj</name>
      </input_file>
      <input_file id="fl-58">
         <path>/Applications/ti/ccsv8/tools/compiler/ti-cgt-msp430_18.1.4.LTS/lib/</path>
         <kind>archive</kind>
         <file>rts430x_lc_sd_eabi.lib</file>
         <name>cpy_util.asm.obj</name>
      </input_file>
      <input_file id="fl-59">
         <path>/Applications/ti/ccsv8/tools/compiler/ti-cgt-msp430_18.1.4.LTS/lib/</path>
         <kind>archive</kind>
         <file>rts430x_lc_sd_eabi.lib</file>
         <name>exit_gvars.c.obj</name>
      </input_file>
   </input_file_list>
   <object_component_list>
      <object_component id="oc-71c">
         <name>.cinit..data.load</name>
         <load_address>0xc400</load_address>
         <run_address>0xc400</run_address>
         <size>0x1e</size>
      </object_component>
      <object_component id="oc-719">
         <name>__TI_handler_table</name>
         <load_address>0xc420</load_address>
         <run_address>0xc420</run_address>
         <size>0xc</size>
      </object_component>
      <object_component id="oc-71b">
         <name>.cinit..bss.load</name>
         <load_address>0xc42c</load_address>
         <run_address>0xc42c</run_address>
         <size>0x6</size>
      </object_component>
      <object_component id="oc-71a">
         <name>__TI_cinit_table</name>
         <load_address>0xc432</load_address>
         <run_address>0xc432</run_address>
         <size>0x10</size>
      </object_component>
      <object_component id="oc-6b1">
         <name>.binit</name>
         <load_address>0xc442</load_address>
         <run_address>0xc442</run_address>
         <size>0x0</size>
      </object_component>
      <object_component id="oc-558">
         <name>.const:.string</name>
         <load_address>0xc442</load_address>
         <run_address>0xc442</run_address>
         <size>0x36</size>
         <input_file_ref idref="fl-3"/>
      </object_component>
      <object_component id="oc-575">
         <name>.const:alphabetBig</name>
         <load_address>0xc478</load_address>
         <run_address>0xc478</run_address>
         <size>0x34</size>
         <input_file_ref idref="fl-2"/>
      </object_component>
      <object_component id="oc-566">
         <name>.const:GPIO_PORT_TO_BASE</name>
         <load_address>0xc4ac</load_address>
         <run_address>0xc4ac</run_address>
         <size>0x1c</size>
         <input_file_ref idref="fl-d"/>
      </object_component>
      <object_component id="oc-578">
         <name>.const:digit</name>
         <load_address>0xc4c8</load_address>
         <run_address>0xc4c8</run_address>
         <size>0x14</size>
         <input_file_ref idref="fl-2"/>
      </object_component>
      <object_component id="oc-4ce">
         <name>.const:$P$T2$3</name>
         <load_address>0xc4dc</load_address>
         <run_address>0xc4dc</run_address>
         <size>0x10</size>
         <input_file_ref idref="fl-3"/>
      </object_component>
      <object_component id="oc-539">
         <name>.const:$P$T1$2</name>
         <load_address>0xc4ec</load_address>
         <run_address>0xc4ec</run_address>
         <size>0xc</size>
         <input_file_ref idref="fl-3"/>
      </object_component>
      <object_component id="oc-4f0">
         <name>.const:$P$T0$1</name>
         <load_address>0xc4f8</load_address>
         <run_address>0xc4f8</run_address>
         <size>0xa</size>
         <input_file_ref idref="fl-2"/>
      </object_component>
      <object_component id="oc-530">
         <name>.const:$P$T0$1</name>
         <load_address>0xc502</load_address>
         <run_address>0xc502</run_address>
         <size>0xa</size>
         <input_file_ref idref="fl-3"/>
      </object_component>
      <object_component id="oc-6a3">
         <name>.const:$P$T2$3</name>
         <load_address>0xc50c</load_address>
         <run_address>0xc50c</run_address>
         <size>0x8</size>
         <input_file_ref idref="fl-2"/>
      </object_component>
      <object_component id="oc-630">
         <name>.const:.string:$P$T1$2</name>
         <load_address>0xc514</load_address>
         <run_address>0xc514</run_address>
         <size>0x6</size>
         <input_file_ref idref="fl-2"/>
      </object_component>
      <object_component id="oc-348">
         <name>.text:main</name>
         <load_address>0xc51a</load_address>
         <run_address>0xc51a</run_address>
         <size>0x1fa</size>
         <input_file_ref idref="fl-3"/>
      </object_component>
      <object_component id="oc-64">
         <name>.text:decompress:lzss:__TI_decompress_lzss</name>
         <load_address>0xc714</load_address>
         <run_address>0xc714</run_address>
         <size>0xee</size>
         <input_file_ref idref="fl-51"/>
      </object_component>
      <object_component id="oc-559">
         <name>.text:displayScrollText</name>
         <load_address>0xc802</load_address>
         <run_address>0xc802</run_address>
         <size>0xd6</size>
         <input_file_ref idref="fl-2"/>
      </object_component>
      <object_component id="oc-3b1">
         <name>.text:Init_LCD</name>
         <load_address>0xc8d8</load_address>
         <run_address>0xc8d8</run_address>
         <size>0xd2</size>
         <input_file_ref idref="fl-2"/>
      </object_component>
      <object_component id="oc-393">
         <name>.text:Init_GPIO</name>
         <load_address>0xc9aa</load_address>
         <run_address>0xc9aa</run_address>
         <size>0xcc</size>
         <input_file_ref idref="fl-3"/>
      </object_component>
      <object_component id="oc-4c1">
         <name>.text:CS_initClockSignal</name>
         <load_address>0xca76</load_address>
         <run_address>0xca76</run_address>
         <size>0xc8</size>
         <input_file_ref idref="fl-6"/>
      </object_component>
      <object_component id="oc-3c9">
         <name>.text:malloc</name>
         <load_address>0xcb3e</load_address>
         <run_address>0xcb3e</run_address>
         <size>0xae</size>
         <input_file_ref idref="fl-53"/>
      </object_component>
      <object_component id="oc-3d6">
         <name>.text:user_mode</name>
         <load_address>0xcbec</load_address>
         <run_address>0xcbec</run_address>
         <size>0xaa</size>
         <input_file_ref idref="fl-3"/>
      </object_component>
      <object_component id="oc-517">
         <name>.text:LCD_E_setPinAsCOM</name>
         <load_address>0xcc96</load_address>
         <run_address>0xcc96</run_address>
         <size>0x9e</size>
         <input_file_ref idref="fl-f"/>
      </object_component>
      <object_component id="oc-687">
         <name>.text:display_distance</name>
         <load_address>0xcd34</load_address>
         <run_address>0xcd34</run_address>
         <size>0x94</size>
         <input_file_ref idref="fl-2"/>
      </object_component>
      <object_component id="oc-4d7">
         <name>.text:EUSCI_A_UART_init</name>
         <load_address>0xcdc8</load_address>
         <run_address>0xcdc8</run_address>
         <size>0x90</size>
         <input_file_ref idref="fl-9"/>
      </object_component>
      <object_component id="oc-634">
         <name>.text:set_rear_distance_thresholds</name>
         <load_address>0xce58</load_address>
         <run_address>0xce58</run_address>
         <size>0x8a</size>
         <input_file_ref idref="fl-3"/>
      </object_component>
      <object_component id="oc-68d">
         <name>.text:adjust_distance</name>
         <load_address>0xcee2</load_address>
         <run_address>0xcee2</run_address>
         <size>0x86</size>
         <input_file_ref idref="fl-3"/>
      </object_component>
      <object_component id="oc-414">
         <name>.text:turn_on_led</name>
         <load_address>0xcf68</load_address>
         <run_address>0xcf68</run_address>
         <size>0x84</size>
         <input_file_ref idref="fl-3"/>
      </object_component>
      <object_component id="oc-3ab">
         <name>.text:Init_UART</name>
         <load_address>0xcfec</load_address>
         <run_address>0xcfec</run_address>
         <size>0x80</size>
         <input_file_ref idref="fl-3"/>
      </object_component>
      <object_component id="oc-4ea">
         <name>.text:LCD_E_setPinAsLCDFunctionEx</name>
         <load_address>0xd06c</load_address>
         <run_address>0xd06c</run_address>
         <size>0x80</size>
         <input_file_ref idref="fl-f"/>
      </object_component>
      <object_component id="oc-3f6">
         <name>.text:showChar</name>
         <load_address>0xd0ec</load_address>
         <run_address>0xd0ec</run_address>
         <size>0x7a</size>
         <input_file_ref idref="fl-2"/>
      </object_component>
      <object_component id="oc-3bd">
         <name>.text:init_timer</name>
         <load_address>0xd166</load_address>
         <run_address>0xd166</run_address>
         <size>0x78</size>
         <input_file_ref idref="fl-3"/>
      </object_component>
      <object_component id="oc-445">
         <name>.text:__TI_auto_init_nobinit_nopinit_hold_wdt:__TI_auto_init_nobinit_nopinit_hold_wdt</name>
         <load_address>0xd1de</load_address>
         <run_address>0xd1de</run_address>
         <size>0x6a</size>
         <input_file_ref idref="fl-4a"/>
      </object_component>
      <object_component id="oc-55f">
         <name>.text:on_single_button_hold</name>
         <load_address>0xd248</load_address>
         <run_address>0xd248</run_address>
         <size>0x60</size>
         <input_file_ref idref="fl-3"/>
      </object_component>
      <object_component id="oc-6a7">
         <name>.text:on_button_click</name>
         <load_address>0xd2a8</load_address>
         <run_address>0xd2a8</run_address>
         <size>0x5e</size>
         <input_file_ref idref="fl-3"/>
      </object_component>
      <object_component id="oc-39f">
         <name>.text:Init_ADC</name>
         <load_address>0xd306</load_address>
         <run_address>0xd306</run_address>
         <size>0x54</size>
         <input_file_ref idref="fl-3"/>
      </object_component>
      <object_component id="oc-3eb">
         <name>.text:Timer_A_outputPWM</name>
         <load_address>0xd35a</load_address>
         <run_address>0xd35a</run_address>
         <size>0x50</size>
         <input_file_ref idref="fl-17"/>
      </object_component>
      <object_component id="oc-5a4">
         <name>.text:flash_led</name>
         <load_address>0xd3aa</load_address>
         <run_address>0xd3aa</run_address>
         <size>0x4e</size>
         <input_file_ref idref="fl-3"/>
      </object_component>
      <object_component id="oc-41a">
         <name>.text:turn_on_buzzer</name>
         <load_address>0xd3f8</load_address>
         <run_address>0xd3f8</run_address>
         <size>0x48</size>
         <input_file_ref idref="fl-3"/>
      </object_component>
      <object_component id="oc-2aa">
         <name>.text:_isr:TA1_ISR</name>
         <load_address>0xd440</load_address>
         <run_address>0xd440</run_address>
         <size>0x46</size>
         <input_file_ref idref="fl-3"/>
      </object_component>
      <object_component id="oc-533">
         <name>.text:Timer_A_initContinuousMode</name>
         <load_address>0xd486</load_address>
         <run_address>0xd486</run_address>
         <size>0x40</size>
         <input_file_ref idref="fl-17"/>
      </object_component>
      <object_component id="oc-28d">
         <name>.text:__memcpy_far</name>
         <load_address>0xd4c6</load_address>
         <run_address>0xd4c6</run_address>
         <size>0x40</size>
         <input_file_ref idref="fl-58"/>
      </object_component>
      <object_component id="oc-3a5">
         <name>.text:Init_Clock</name>
         <load_address>0xd506</load_address>
         <run_address>0xd506</run_address>
         <size>0x3e</size>
         <input_file_ref idref="fl-3"/>
      </object_component>
      <object_component id="oc-63a">
         <name>.text:clearLCD</name>
         <load_address>0xd544</load_address>
         <run_address>0xd544</run_address>
         <size>0x3e</size>
         <input_file_ref idref="fl-2"/>
      </object_component>
      <object_component id="oc-2b0">
         <name>.text:decompress:ZI:__TI_zero_init_nomemset:__TI_zero_init_nomemset</name>
         <load_address>0xd582</load_address>
         <run_address>0xd582</run_address>
         <size>0x3e</size>
         <input_file_ref idref="fl-4b"/>
      </object_component>
      <object_component id="oc-6a">
         <name>.text:decompress:none:__TI_decompress_none</name>
         <load_address>0xd5c0</load_address>
         <run_address>0xd5c0</run_address>
         <size>0x3c</size>
         <input_file_ref idref="fl-50"/>
      </object_component>
      <object_component id="oc-54a">
         <name>.text:minit</name>
         <load_address>0xd5fc</load_address>
         <run_address>0xd5fc</run_address>
         <size>0x38</size>
         <input_file_ref idref="fl-53"/>
      </object_component>
      <object_component id="oc-3d0">
         <name>.text:on_double_button_hold</name>
         <load_address>0xd634</load_address>
         <run_address>0xd634</run_address>
         <size>0x36</size>
         <input_file_ref idref="fl-3"/>
      </object_component>
      <object_component id="oc-49c">
         <name>.text:ADC_init</name>
         <load_address>0xd66a</load_address>
         <run_address>0xd66a</run_address>
         <size>0x34</size>
         <input_file_ref idref="fl-4"/>
      </object_component>
      <object_component id="oc-496">
         <name>.text:GPIO_setAsPeripheralModuleFunctionInputPin</name>
         <load_address>0xd69e</load_address>
         <run_address>0xd69e</run_address>
         <size>0x34</size>
         <input_file_ref idref="fl-d"/>
      </object_component>
      <object_component id="oc-48f">
         <name>.text:GPIO_setAsPeripheralModuleFunctionOutputPin</name>
         <load_address>0xd6d2</load_address>
         <run_address>0xd6d2</run_address>
         <size>0x34</size>
         <input_file_ref idref="fl-d"/>
      </object_component>
      <object_component id="oc-2a4">
         <name>.text:_isr:EUSCIA0_ISR</name>
         <load_address>0xd706</load_address>
         <run_address>0xd706</run_address>
         <size>0x32</size>
         <input_file_ref idref="fl-3"/>
      </object_component>
      <object_component id="oc-4ae">
         <name>.text:ADC_configureMemory</name>
         <load_address>0xd738</load_address>
         <run_address>0xd738</run_address>
         <size>0x30</size>
         <input_file_ref idref="fl-4"/>
      </object_component>
      <object_component id="oc-4c7">
         <name>.text:CS_turnOnXT1LF</name>
         <load_address>0xd768</load_address>
         <run_address>0xd768</run_address>
         <size>0x30</size>
         <input_file_ref idref="fl-6"/>
      </object_component>
      <object_component id="oc-53c">
         <name>.text:Timer_A_initCaptureMode</name>
         <load_address>0xd798</load_address>
         <run_address>0xd798</run_address>
         <size>0x30</size>
         <input_file_ref idref="fl-17"/>
      </object_component>
      <object_component id="oc-29e">
         <name>.text:_isr:ADC_ISR</name>
         <load_address>0xd7c8</load_address>
         <run_address>0xd7c8</run_address>
         <size>0x30</size>
         <input_file_ref idref="fl-3"/>
      </object_component>
      <object_component id="oc-399">
         <name>.text:Init_PWM</name>
         <load_address>0xd7f8</load_address>
         <run_address>0xd7f8</run_address>
         <size>0x2e</size>
         <input_file_ref idref="fl-3"/>
      </object_component>
      <object_component id="oc-3f1">
         <name>.text</name>
         <load_address>0xd826</load_address>
         <run_address>0xd826</run_address>
         <size>0x2c</size>
         <input_file_ref idref="fl-35"/>
      </object_component>
      <object_component id="oc-4f3">
         <name>.text:LCD_E_init</name>
         <load_address>0xd852</load_address>
         <run_address>0xd852</run_address>
         <size>0x28</size>
         <input_file_ref idref="fl-f"/>
      </object_component>
      <object_component id="oc-598">
         <name>.text:turn_off_all_leds</name>
         <load_address>0xd87a</load_address>
         <run_address>0xd87a</run_address>
         <size>0x28</size>
         <input_file_ref idref="fl-3"/>
      </object_component>
      <object_component id="oc-488">
         <name>.text:GPIO_setAsInputPinWithPullUpResistor</name>
         <load_address>0xd8a2</load_address>
         <run_address>0xd8a2</run_address>
         <size>0x22</size>
         <input_file_ref idref="fl-d"/>
      </object_component>
      <object_component id="oc-408">
         <name>.text:send_trigger</name>
         <load_address>0xd8c4</load_address>
         <run_address>0xd8c4</run_address>
         <size>0x20</size>
         <input_file_ref idref="fl-3"/>
      </object_component>
      <object_component id="oc-601">
         <name>.text:setLCDFunction</name>
         <load_address>0xd8e4</load_address>
         <run_address>0xd8e4</run_address>
         <size>0x20</size>
         <input_file_ref idref="fl-f"/>
      </object_component>
      <object_component id="oc-402">
         <name>.text:reset_timer_a</name>
         <load_address>0xd904</load_address>
         <run_address>0xd904</run_address>
         <size>0x1e</size>
         <input_file_ref idref="fl-3"/>
      </object_component>
      <object_component id="oc-2c2">
         <name>.text:_isr:_c_int00_noargs</name>
         <load_address>0xd922</load_address>
         <run_address>0xd922</run_address>
         <size>0x1c</size>
         <input_file_ref idref="fl-49"/>
      </object_component>
      <object_component id="oc-4e3">
         <name>.text:EUSCI_A_UART_enableInterrupt</name>
         <load_address>0xd93e</load_address>
         <run_address>0xd93e</run_address>
         <size>0x1a</size>
         <input_file_ref idref="fl-9"/>
      </object_component>
      <object_component id="oc-3dc">
         <name>.text:GPIO_getInputPinValue</name>
         <load_address>0xd958</load_address>
         <run_address>0xd958</run_address>
         <size>0x1a</size>
         <input_file_ref idref="fl-d"/>
      </object_component>
      <object_component id="oc-482">
         <name>.text:GPIO_setAsOutputPin</name>
         <load_address>0xd972</load_address>
         <run_address>0xd972</run_address>
         <size>0x1a</size>
         <input_file_ref idref="fl-d"/>
      </object_component>
      <object_component id="oc-3fc">
         <name>.text:ADC_startConversion</name>
         <load_address>0xd98c</load_address>
         <run_address>0xd98c</run_address>
         <size>0x16</size>
         <input_file_ref idref="fl-4"/>
      </object_component>
      <object_component id="oc-58a">
         <name>.text:GPIO_setOutputHighOnPin</name>
         <load_address>0xd9a2</load_address>
         <run_address>0xd9a2</run_address>
         <size>0x16</size>
         <input_file_ref idref="fl-d"/>
      </object_component>
      <object_component id="oc-47c">
         <name>.text:GPIO_setOutputLowOnPin</name>
         <load_address>0xd9b8</load_address>
         <run_address>0xd9b8</run_address>
         <size>0x16</size>
         <input_file_ref idref="fl-d"/>
      </object_component>
      <object_component id="oc-38d">
         <name>.text:WDT_A_hold</name>
         <load_address>0xd9ce</load_address>
         <run_address>0xd9ce</run_address>
         <size>0x16</size>
         <input_file_ref idref="fl-1a"/>
      </object_component>
      <object_component id="oc-5aa">
         <name>.text:mDelay</name>
         <load_address>0xd9e4</load_address>
         <run_address>0xd9e4</run_address>
         <size>0x16</size>
         <input_file_ref idref="fl-3"/>
      </object_component>
      <object_component id="oc-56f">
         <name>.text</name>
         <load_address>0xd9fa</load_address>
         <run_address>0xd9fa</run_address>
         <size>0x16</size>
         <input_file_ref idref="fl-36"/>
      </object_component>
      <object_component id="oc-59e">
         <name>.text:turn_off_buzzer</name>
         <load_address>0xda10</load_address>
         <run_address>0xda10</run_address>
         <size>0x16</size>
         <input_file_ref idref="fl-3"/>
      </object_component>
      <object_component id="oc-590">
         <name>.text:uDelay</name>
         <load_address>0xda26</load_address>
         <run_address>0xda26</run_address>
         <size>0x16</size>
         <input_file_ref idref="fl-3"/>
      </object_component>
      <object_component id="oc-4a8">
         <name>.text:ADC_setupSamplingTimer</name>
         <load_address>0xda3c</load_address>
         <run_address>0xda3c</run_address>
         <size>0x14</size>
         <input_file_ref idref="fl-4"/>
      </object_component>
      <object_component id="oc-321">
         <name>.text:EUSCI_A_UART_receiveData</name>
         <load_address>0xda50</load_address>
         <run_address>0xda50</run_address>
         <size>0x14</size>
         <input_file_ref idref="fl-9"/>
      </object_component>
      <object_component id="oc-327">
         <name>.text:EUSCI_A_UART_transmitData</name>
         <load_address>0xda64</load_address>
         <run_address>0xda64</run_address>
         <size>0x14</size>
         <input_file_ref idref="fl-9"/>
      </object_component>
      <object_component id="oc-651">
         <name>.text</name>
         <load_address>0xda78</load_address>
         <run_address>0xda78</run_address>
         <size>0x14</size>
         <input_file_ref idref="fl-47"/>
      </object_component>
      <object_component id="oc-4f9">
         <name>.text:LCD_E_setVLCDSource</name>
         <load_address>0xda8c</load_address>
         <run_address>0xda8c</run_address>
         <size>0x12</size>
         <input_file_ref idref="fl-f"/>
      </object_component>
      <object_component id="oc-4d1">
         <name>.text:memcpy</name>
         <load_address>0xda9e</load_address>
         <run_address>0xda9e</run_address>
         <size>0x12</size>
         <input_file_ref idref="fl-56"/>
      </object_component>
      <object_component id="oc-40e">
         <name>.text:calculate_distance</name>
         <load_address>0xdab0</load_address>
         <run_address>0xdab0</run_address>
         <size>0x10</size>
         <input_file_ref idref="fl-3"/>
      </object_component>
      <object_component id="oc-62a">
         <name>.text:strlen</name>
         <load_address>0xdac0</load_address>
         <run_address>0xdac0</run_address>
         <size>0xe</size>
         <input_file_ref idref="fl-57"/>
      </object_component>
      <object_component id="oc-3b7">
         <name>.text:Init_Distance_Sensor</name>
         <load_address>0xdace</load_address>
         <run_address>0xdace</run_address>
         <size>0xc</size>
         <input_file_ref idref="fl-3"/>
      </object_component>
      <object_component id="oc-523">
         <name>.text:LCD_E_on</name>
         <load_address>0xdada</load_address>
         <run_address>0xdada</run_address>
         <size>0xc</size>
         <input_file_ref idref="fl-f"/>
      </object_component>
      <object_component id="oc-50b">
         <name>.text:LCD_E_setChargePumpFreq</name>
         <load_address>0xdae6</load_address>
         <run_address>0xdae6</run_address>
         <size>0xc</size>
         <input_file_ref idref="fl-f"/>
      </object_component>
      <object_component id="oc-4ff">
         <name>.text:LCD_E_setVLCDVoltage</name>
         <load_address>0xdaf2</load_address>
         <run_address>0xdaf2</run_address>
         <size>0xc</size>
         <input_file_ref idref="fl-f"/>
      </object_component>
      <object_component id="oc-583">
         <name>.text:Timer_A_startCounter</name>
         <load_address>0xdafe</load_address>
         <run_address>0xdafe</run_address>
         <size>0xc</size>
         <input_file_ref idref="fl-17"/>
      </object_component>
      <object_component id="oc-4bb">
         <name>.text:CS_setExternalClockSource</name>
         <load_address>0xdb0a</load_address>
         <run_address>0xdb0a</run_address>
         <size>0xa</size>
         <input_file_ref idref="fl-6"/>
      </object_component>
      <object_component id="oc-51d">
         <name>.text:LCD_E_selectDisplayMemory</name>
         <load_address>0xdb14</load_address>
         <run_address>0xdb14</run_address>
         <size>0xa</size>
         <input_file_ref idref="fl-f"/>
      </object_component>
      <object_component id="oc-5e7">
         <name>.text</name>
         <load_address>0xdb1e</load_address>
         <run_address>0xdb1e</run_address>
         <size>0xa</size>
         <input_file_ref idref="fl-45"/>
      </object_component>
      <object_component id="oc-5fc">
         <name>.text</name>
         <load_address>0xdb28</load_address>
         <run_address>0xdb28</run_address>
         <size>0xa</size>
         <input_file_ref idref="fl-46"/>
      </object_component>
      <object_component id="oc-4a2">
         <name>.text:ADC_enable</name>
         <load_address>0xdb32</load_address>
         <run_address>0xdb32</run_address>
         <size>0x8</size>
         <input_file_ref idref="fl-4"/>
      </object_component>
      <object_component id="oc-2fa">
         <name>.text:ADC_getInterruptStatus</name>
         <load_address>0xdb3a</load_address>
         <run_address>0xdb3a</run_address>
         <size>0x8</size>
         <input_file_ref idref="fl-4"/>
      </object_component>
      <object_component id="oc-315">
         <name>.text:EUSCI_A_UART_getInterruptStatus</name>
         <load_address>0xdb42</load_address>
         <run_address>0xdb42</run_address>
         <size>0x8</size>
         <input_file_ref idref="fl-9"/>
      </object_component>
      <object_component id="oc-505">
         <name>.text:LCD_E_enableChargePump</name>
         <load_address>0xdb4a</load_address>
         <run_address>0xdb4a</run_address>
         <size>0x8</size>
         <input_file_ref idref="fl-f"/>
      </object_component>
      <object_component id="oc-334">
         <name>.text:Timer_A_clearCaptureCompareInterrupt</name>
         <load_address>0xdb52</load_address>
         <run_address>0xdb52</run_address>
         <size>0x8</size>
         <input_file_ref idref="fl-17"/>
      </object_component>
      <object_component id="oc-32e">
         <name>.text:Timer_A_getCaptureCompareCount</name>
         <load_address>0xdb5a</load_address>
         <run_address>0xdb5a</run_address>
         <size>0x8</size>
         <input_file_ref idref="fl-17"/>
      </object_component>
      <object_component id="oc-3e2">
         <name>.text:Timer_A_stop</name>
         <load_address>0xdb62</load_address>
         <run_address>0xdb62</run_address>
         <size>0x8</size>
         <input_file_ref idref="fl-17"/>
      </object_component>
      <object_component id="oc-299">
         <name>.text:_isr:__TI_ISR_TRAP</name>
         <load_address>0xdb6a</load_address>
         <run_address>0xdb6a</run_address>
         <size>0x8</size>
         <input_file_ref idref="fl-44"/>
      </object_component>
      <object_component id="oc-300">
         <name>.text:ADC_clearInterrupt</name>
         <load_address>0xdb72</load_address>
         <run_address>0xdb72</run_address>
         <size>0x6</size>
         <input_file_ref idref="fl-4"/>
      </object_component>
      <object_component id="oc-4b4">
         <name>.text:ADC_enableInterrupt</name>
         <load_address>0xdb78</load_address>
         <run_address>0xdb78</run_address>
         <size>0x6</size>
         <input_file_ref idref="fl-4"/>
      </object_component>
      <object_component id="oc-309">
         <name>.text:ADC_getResults</name>
         <load_address>0xdb7e</load_address>
         <run_address>0xdb7e</run_address>
         <size>0x6</size>
         <input_file_ref idref="fl-4"/>
      </object_component>
      <object_component id="oc-31b">
         <name>.text:EUSCI_A_UART_clearInterrupt</name>
         <load_address>0xdb84</load_address>
         <run_address>0xdb84</run_address>
         <size>0x6</size>
         <input_file_ref idref="fl-9"/>
      </object_component>
      <object_component id="oc-4dd">
         <name>.text:EUSCI_A_UART_enable</name>
         <load_address>0xdb8a</load_address>
         <run_address>0xdb8a</run_address>
         <size>0x6</size>
         <input_file_ref idref="fl-9"/>
      </object_component>
      <object_component id="oc-511">
         <name>.text:LCD_E_clearAllMemory</name>
         <load_address>0xdb90</load_address>
         <run_address>0xdb90</run_address>
         <size>0x6</size>
         <input_file_ref idref="fl-f"/>
      </object_component>
      <object_component id="oc-3c3">
         <name>.text:PMM_unlockLPM5</name>
         <load_address>0xdb96</load_address>
         <run_address>0xdb96</run_address>
         <size>0x6</size>
         <input_file_ref idref="fl-11"/>
      </object_component>
      <object_component id="oc-57d">
         <name>.text:Timer_A_clear</name>
         <load_address>0xdb9c</load_address>
         <run_address>0xdb9c</run_address>
         <size>0x6</size>
         <input_file_ref idref="fl-17"/>
      </object_component>
      <object_component id="oc-421">
         <name>.text:abort</name>
         <load_address>0xdba2</load_address>
         <run_address>0xdba2</run_address>
         <size>0x6</size>
         <input_file_ref idref="fl-52"/>
      </object_component>
      <object_component id="oc-342">
         <name>.text:_system_pre_init</name>
         <load_address>0xdba8</load_address>
         <run_address>0xdba8</run_address>
         <size>0x4</size>
         <input_file_ref idref="fl-4e"/>
      </object_component>
      <object_component id="oc-61a">
         <name>.text:_nop</name>
         <load_address>0xdbac</load_address>
         <run_address>0xdbac</run_address>
         <size>0x2</size>
         <input_file_ref idref="fl-54"/>
      </object_component>
      <object_component id="oc-5be">
         <name>.text:_system_post_cinit</name>
         <load_address>0xdbae</load_address>
         <run_address>0xdbae</run_address>
         <size>0x2</size>
         <input_file_ref idref="fl-4f"/>
      </object_component>
      <object_component id="oc-550">
         <name>.bss</name>
         <uninitialized>true</uninitialized>
         <run_address>0x20c4</run_address>
         <size>0x6</size>
         <input_file_ref idref="fl-53"/>
      </object_component>
      <object_component id="oc-3e8">
         <name>.common:param</name>
         <uninitialized>true</uninitialized>
         <run_address>0x20b8</run_address>
         <size>0xc</size>
      </object_component>
      <object_component id="oc-3cf">
         <name>.common:rear_thresholds</name>
         <uninitialized>true</uninitialized>
         <run_address>0x20ca</run_address>
         <size>0x2</size>
      </object_component>
      <object_component id="oc-306">
         <name>.data</name>
         <load_address>0x20a0</load_address>
         <run_address>0x20a0</run_address>
         <size>0xa</size>
         <input_file_ref idref="fl-3"/>
      </object_component>
      <object_component id="oc-5ee">
         <name>.data</name>
         <load_address>0x20b2</load_address>
         <run_address>0x20b2</run_address>
         <size>0x4</size>
         <input_file_ref idref="fl-6"/>
      </object_component>
      <object_component id="oc-547">
         <name>.data</name>
         <load_address>0x20b6</load_address>
         <run_address>0x20b6</run_address>
         <size>0x2</size>
         <input_file_ref idref="fl-53"/>
      </object_component>
      <object_component id="oc-544">
         <name>.data:_lock</name>
         <load_address>0x20aa</load_address>
         <run_address>0x20aa</run_address>
         <size>0x4</size>
         <input_file_ref idref="fl-54"/>
      </object_component>
      <object_component id="oc-553">
         <name>.data:_unlock</name>
         <load_address>0x20ae</load_address>
         <run_address>0x20ae</run_address>
         <size>0x4</size>
         <input_file_ref idref="fl-54"/>
      </object_component>
      <object_component id="oc-27f">
         <name>.sysmem</name>
         <uninitialized>true</uninitialized>
         <run_address>0x2000</run_address>
         <size>0x4</size>
         <input_file_ref idref="fl-53"/>
      </object_component>
      <object_component id="oc-71e">
         <name>.sysmem</name>
         <uninitialized>true</uninitialized>
         <run_address>0x2000</run_address>
         <size>0x0</size>
      </object_component>
      <object_component id="oc-27b">
         <name>.stack</name>
         <uninitialized>true</uninitialized>
         <run_address>0x2760</run_address>
         <size>0x2</size>
         <input_file_ref idref="fl-49"/>
      </object_component>
      <object_component id="oc-71d">
         <name>.stack</name>
         <uninitialized>true</uninitialized>
         <run_address>0x2760</run_address>
         <size>0x0</size>
      </object_component>
      <object_component id="oc-70">
         <name>.int45</name>
         <load_address>0xffe2</load_address>
         <run_address>0xffe2</run_address>
         <size>0x2</size>
         <input_file_ref idref="fl-39"/>
      </object_component>
      <object_component id="oc-71">
         <name>.int46</name>
         <load_address>0xffe4</load_address>
         <run_address>0xffe4</run_address>
         <size>0x2</size>
         <input_file_ref idref="fl-3a"/>
      </object_component>
      <object_component id="oc-72">
         <name>.int47</name>
         <load_address>0xffe6</load_address>
         <run_address>0xffe6</run_address>
         <size>0x2</size>
         <input_file_ref idref="fl-3b"/>
      </object_component>
      <object_component id="oc-73">
         <name>.int48</name>
         <load_address>0xffe8</load_address>
         <run_address>0xffe8</run_address>
         <size>0x2</size>
         <input_file_ref idref="fl-3"/>
      </object_component>
      <object_component id="oc-74">
         <name>.int49</name>
         <load_address>0xffea</load_address>
         <run_address>0xffea</run_address>
         <size>0x2</size>
         <input_file_ref idref="fl-3c"/>
      </object_component>
      <object_component id="oc-75">
         <name>.int50</name>
         <load_address>0xffec</load_address>
         <run_address>0xffec</run_address>
         <size>0x2</size>
         <input_file_ref idref="fl-3"/>
      </object_component>
      <object_component id="oc-76">
         <name>.int51</name>
         <load_address>0xffee</load_address>
         <run_address>0xffee</run_address>
         <size>0x2</size>
         <input_file_ref idref="fl-3d"/>
      </object_component>
      <object_component id="oc-77">
         <name>.int52</name>
         <load_address>0xfff0</load_address>
         <run_address>0xfff0</run_address>
         <size>0x2</size>
         <input_file_ref idref="fl-3e"/>
      </object_component>
      <object_component id="oc-78">
         <name>.int53</name>
         <load_address>0xfff2</load_address>
         <run_address>0xfff2</run_address>
         <size>0x2</size>
         <input_file_ref idref="fl-3"/>
      </object_component>
      <object_component id="oc-79">
         <name>.int54</name>
         <load_address>0xfff4</load_address>
         <run_address>0xfff4</run_address>
         <size>0x2</size>
         <input_file_ref idref="fl-3f"/>
      </object_component>
      <object_component id="oc-7a">
         <name>.int55</name>
         <load_address>0xfff6</load_address>
         <run_address>0xfff6</run_address>
         <size>0x2</size>
         <input_file_ref idref="fl-40"/>
      </object_component>
      <object_component id="oc-7b">
         <name>.int56</name>
         <load_address>0xfff8</load_address>
         <run_address>0xfff8</run_address>
         <size>0x2</size>
         <input_file_ref idref="fl-41"/>
      </object_component>
      <object_component id="oc-7c">
         <name>.int57</name>
         <load_address>0xfffa</load_address>
         <run_address>0xfffa</run_address>
         <size>0x2</size>
         <input_file_ref idref="fl-42"/>
      </object_component>
      <object_component id="oc-7d">
         <name>.int58</name>
         <load_address>0xfffc</load_address>
         <run_address>0xfffc</run_address>
         <size>0x2</size>
         <input_file_ref idref="fl-43"/>
      </object_component>
      <object_component id="oc-27e">
         <name>.reset</name>
         <load_address>0xfffe</load_address>
         <run_address>0xfffe</run_address>
         <size>0x2</size>
         <input_file_ref idref="fl-49"/>
      </object_component>
      <object_component id="oc-3e9">
         <name>.debug_info</name>
         <load_address>0x0</load_address>
         <run_address>0x0</run_address>
         <size>0x4b6</size>
         <input_file_ref idref="fl-2"/>
      </object_component>
      <object_component id="oc-579">
         <name>.debug_info</name>
         <load_address>0x4b6</load_address>
         <run_address>0x4b6</run_address>
         <size>0xda</size>
         <input_file_ref idref="fl-2"/>
      </object_component>
      <object_component id="oc-576">
         <name>.debug_info</name>
         <load_address>0x590</load_address>
         <run_address>0x590</run_address>
         <size>0xe6</size>
         <input_file_ref idref="fl-2"/>
      </object_component>
      <object_component id="oc-4f1">
         <name>.debug_info</name>
         <load_address>0x676</load_address>
         <run_address>0x676</run_address>
         <size>0xdd</size>
         <input_file_ref idref="fl-2"/>
      </object_component>
      <object_component id="oc-631">
         <name>.debug_info</name>
         <load_address>0x753</load_address>
         <run_address>0x753</run_address>
         <size>0xdd</size>
         <input_file_ref idref="fl-2"/>
      </object_component>
      <object_component id="oc-6a4">
         <name>.debug_info</name>
         <load_address>0x830</load_address>
         <run_address>0x830</run_address>
         <size>0xdd</size>
         <input_file_ref idref="fl-2"/>
      </object_component>
      <object_component id="oc-3f7">
         <name>.debug_info</name>
         <load_address>0x90d</load_address>
         <run_address>0x90d</run_address>
         <size>0x16c</size>
         <input_file_ref idref="fl-2"/>
      </object_component>
      <object_component id="oc-688">
         <name>.debug_info</name>
         <load_address>0xa79</load_address>
         <run_address>0xa79</run_address>
         <size>0x1f7</size>
         <input_file_ref idref="fl-2"/>
      </object_component>
      <object_component id="oc-55a">
         <name>.debug_info</name>
         <load_address>0xc70</load_address>
         <run_address>0xc70</run_address>
         <size>0x20b</size>
         <input_file_ref idref="fl-2"/>
      </object_component>
      <object_component id="oc-63b">
         <name>.debug_info</name>
         <load_address>0xe7b</load_address>
         <run_address>0xe7b</run_address>
         <size>0x110</size>
         <input_file_ref idref="fl-2"/>
      </object_component>
      <object_component id="oc-3b2">
         <name>.debug_info</name>
         <load_address>0xf8b</load_address>
         <run_address>0xf8b</run_address>
         <size>0x2aa</size>
         <input_file_ref idref="fl-2"/>
      </object_component>
      <object_component id="oc-471">
         <name>.debug_info</name>
         <load_address>0x1235</load_address>
         <run_address>0x1235</run_address>
         <size>0x26b</size>
         <input_file_ref idref="fl-2"/>
      </object_component>
      <object_component id="oc-467">
         <name>.debug_info</name>
         <load_address>0x14a0</load_address>
         <run_address>0x14a0</run_address>
         <size>0xee</size>
         <input_file_ref idref="fl-2"/>
      </object_component>
      <object_component id="oc-52a">
         <name>.debug_info</name>
         <load_address>0x158e</load_address>
         <run_address>0x158e</run_address>
         <size>0x9e</size>
         <input_file_ref idref="fl-2"/>
      </object_component>
      <object_component id="oc-46c">
         <name>.debug_info</name>
         <load_address>0x162c</load_address>
         <run_address>0x162c</run_address>
         <size>0x392</size>
         <input_file_ref idref="fl-2"/>
      </object_component>
      <object_component id="oc-37b">
         <name>.debug_info</name>
         <load_address>0x19be</load_address>
         <run_address>0x19be</run_address>
         <size>0x8b</size>
         <input_file_ref idref="fl-2"/>
      </object_component>
      <object_component id="oc-381">
         <name>.debug_info</name>
         <load_address>0x1a49</load_address>
         <run_address>0x1a49</run_address>
         <size>0x275</size>
         <input_file_ref idref="fl-2"/>
      </object_component>
      <object_component id="oc-310">
         <name>.debug_info</name>
         <load_address>0x1cbe</load_address>
         <run_address>0x1cbe</run_address>
         <size>0xbb</size>
         <input_file_ref idref="fl-2"/>
      </object_component>
      <object_component id="oc-366">
         <name>.debug_info</name>
         <load_address>0x1d79</load_address>
         <run_address>0x1d79</run_address>
         <size>0x2c</size>
         <input_file_ref idref="fl-2"/>
      </object_component>
      <object_component id="oc-379">
         <name>.debug_info</name>
         <load_address>0x1da5</load_address>
         <run_address>0x1da5</run_address>
         <size>0xd08</size>
         <input_file_ref idref="fl-3"/>
      </object_component>
      <object_component id="oc-307">
         <name>.debug_info</name>
         <load_address>0x2aad</load_address>
         <run_address>0x2aad</run_address>
         <size>0x161</size>
         <input_file_ref idref="fl-3"/>
      </object_component>
      <object_component id="oc-531">
         <name>.debug_info</name>
         <load_address>0x2c0e</load_address>
         <run_address>0x2c0e</run_address>
         <size>0xdb</size>
         <input_file_ref idref="fl-3"/>
      </object_component>
      <object_component id="oc-53a">
         <name>.debug_info</name>
         <load_address>0x2ce9</load_address>
         <run_address>0x2ce9</run_address>
         <size>0xdb</size>
         <input_file_ref idref="fl-3"/>
      </object_component>
      <object_component id="oc-4cf">
         <name>.debug_info</name>
         <load_address>0x2dc4</load_address>
         <run_address>0x2dc4</run_address>
         <size>0xdb</size>
         <input_file_ref idref="fl-3"/>
      </object_component>
      <object_component id="oc-3d1">
         <name>.debug_info</name>
         <load_address>0x2e9f</load_address>
         <run_address>0x2e9f</run_address>
         <size>0x1b9</size>
         <input_file_ref idref="fl-3"/>
      </object_component>
      <object_component id="oc-6a8">
         <name>.debug_info</name>
         <load_address>0x3058</load_address>
         <run_address>0x3058</run_address>
         <size>0x26e</size>
         <input_file_ref idref="fl-3"/>
      </object_component>
      <object_component id="oc-68e">
         <name>.debug_info</name>
         <load_address>0x32c6</load_address>
         <run_address>0x32c6</run_address>
         <size>0x299</size>
         <input_file_ref idref="fl-3"/>
      </object_component>
      <object_component id="oc-635">
         <name>.debug_info</name>
         <load_address>0x355f</load_address>
         <run_address>0x355f</run_address>
         <size>0x1f5</size>
         <input_file_ref idref="fl-3"/>
      </object_component>
      <object_component id="oc-560">
         <name>.debug_info</name>
         <load_address>0x3754</load_address>
         <run_address>0x3754</run_address>
         <size>0x28a</size>
         <input_file_ref idref="fl-3"/>
      </object_component>
      <object_component id="oc-3d7">
         <name>.debug_info</name>
         <load_address>0x39de</load_address>
         <run_address>0x39de</run_address>
         <size>0x252</size>
         <input_file_ref idref="fl-3"/>
      </object_component>
      <object_component id="oc-591">
         <name>.debug_info</name>
         <load_address>0x3c30</load_address>
         <run_address>0x3c30</run_address>
         <size>0x11f</size>
         <input_file_ref idref="fl-3"/>
      </object_component>
      <object_component id="oc-599">
         <name>.debug_info</name>
         <load_address>0x3d4f</load_address>
         <run_address>0x3d4f</run_address>
         <size>0x18b</size>
         <input_file_ref idref="fl-3"/>
      </object_component>
      <object_component id="oc-59f">
         <name>.debug_info</name>
         <load_address>0x3eda</load_address>
         <run_address>0x3eda</run_address>
         <size>0x148</size>
         <input_file_ref idref="fl-3"/>
      </object_component>
      <object_component id="oc-5a5">
         <name>.debug_info</name>
         <load_address>0x4022</load_address>
         <run_address>0x4022</run_address>
         <size>0x22f</size>
         <input_file_ref idref="fl-3"/>
      </object_component>
      <object_component id="oc-5ab">
         <name>.debug_info</name>
         <load_address>0x4251</load_address>
         <run_address>0x4251</run_address>
         <size>0x11f</size>
         <input_file_ref idref="fl-3"/>
      </object_component>
      <object_component id="oc-415">
         <name>.debug_info</name>
         <load_address>0x4370</load_address>
         <run_address>0x4370</run_address>
         <size>0x290</size>
         <input_file_ref idref="fl-3"/>
      </object_component>
      <object_component id="oc-41b">
         <name>.debug_info</name>
         <load_address>0x4600</load_address>
         <run_address>0x4600</run_address>
         <size>0x1bb</size>
         <input_file_ref idref="fl-3"/>
      </object_component>
      <object_component id="oc-409">
         <name>.debug_info</name>
         <load_address>0x47bb</load_address>
         <run_address>0x47bb</run_address>
         <size>0x1e1</size>
         <input_file_ref idref="fl-3"/>
      </object_component>
      <object_component id="oc-403">
         <name>.debug_info</name>
         <load_address>0x499c</load_address>
         <run_address>0x499c</run_address>
         <size>0x156</size>
         <input_file_ref idref="fl-3"/>
      </object_component>
      <object_component id="oc-394">
         <name>.debug_info</name>
         <load_address>0x4af2</load_address>
         <run_address>0x4af2</run_address>
         <size>0x334</size>
         <input_file_ref idref="fl-3"/>
      </object_component>
      <object_component id="oc-39a">
         <name>.debug_info</name>
         <load_address>0x4e26</load_address>
         <run_address>0x4e26</run_address>
         <size>0x13c</size>
         <input_file_ref idref="fl-3"/>
      </object_component>
      <object_component id="oc-3a0">
         <name>.debug_info</name>
         <load_address>0x4f62</load_address>
         <run_address>0x4f62</run_address>
         <size>0x1c5</size>
         <input_file_ref idref="fl-3"/>
      </object_component>
      <object_component id="oc-3a6">
         <name>.debug_info</name>
         <load_address>0x5127</load_address>
         <run_address>0x5127</run_address>
         <size>0x1bf</size>
         <input_file_ref idref="fl-3"/>
      </object_component>
      <object_component id="oc-3ac">
         <name>.debug_info</name>
         <load_address>0x52e6</load_address>
         <run_address>0x52e6</run_address>
         <size>0x207</size>
         <input_file_ref idref="fl-3"/>
      </object_component>
      <object_component id="oc-3b8">
         <name>.debug_info</name>
         <load_address>0x54ed</load_address>
         <run_address>0x54ed</run_address>
         <size>0x16c</size>
         <input_file_ref idref="fl-3"/>
      </object_component>
      <object_component id="oc-3be">
         <name>.debug_info</name>
         <load_address>0x5659</load_address>
         <run_address>0x5659</run_address>
         <size>0x19b</size>
         <input_file_ref idref="fl-3"/>
      </object_component>
      <object_component id="oc-40f">
         <name>.debug_info</name>
         <load_address>0x57f4</load_address>
         <run_address>0x57f4</run_address>
         <size>0x171</size>
         <input_file_ref idref="fl-3"/>
      </object_component>
      <object_component id="oc-349">
         <name>.debug_info</name>
         <load_address>0x5965</load_address>
         <run_address>0x5965</run_address>
         <size>0x506</size>
         <input_file_ref idref="fl-3"/>
      </object_component>
      <object_component id="oc-2ab">
         <name>.debug_info</name>
         <load_address>0x5e6b</load_address>
         <run_address>0x5e6b</run_address>
         <size>0x17b</size>
         <input_file_ref idref="fl-3"/>
      </object_component>
      <object_component id="oc-2a5">
         <name>.debug_info</name>
         <load_address>0x5fe6</load_address>
         <run_address>0x5fe6</run_address>
         <size>0x1b1</size>
         <input_file_ref idref="fl-3"/>
      </object_component>
      <object_component id="oc-29f">
         <name>.debug_info</name>
         <load_address>0x6197</load_address>
         <run_address>0x6197</run_address>
         <size>0x16f</size>
         <input_file_ref idref="fl-3"/>
      </object_component>
      <object_component id="oc-476">
         <name>.debug_info</name>
         <load_address>0x6306</load_address>
         <run_address>0x6306</run_address>
         <size>0x110</size>
         <input_file_ref idref="fl-3"/>
      </object_component>
      <object_component id="oc-3fd">
         <name>.debug_info</name>
         <load_address>0x6416</load_address>
         <run_address>0x6416</run_address>
         <size>0x1f7</size>
         <input_file_ref idref="fl-4"/>
      </object_component>
      <object_component id="oc-4a9">
         <name>.debug_info</name>
         <load_address>0x660d</load_address>
         <run_address>0x660d</run_address>
         <size>0x214</size>
         <input_file_ref idref="fl-4"/>
      </object_component>
      <object_component id="oc-49d">
         <name>.debug_info</name>
         <load_address>0x6821</load_address>
         <run_address>0x6821</run_address>
         <size>0x291</size>
         <input_file_ref idref="fl-4"/>
      </object_component>
      <object_component id="oc-30a">
         <name>.debug_info</name>
         <load_address>0x6ab2</load_address>
         <run_address>0x6ab2</run_address>
         <size>0x16f</size>
         <input_file_ref idref="fl-4"/>
      </object_component>
      <object_component id="oc-2fb">
         <name>.debug_info</name>
         <load_address>0x6c21</load_address>
         <run_address>0x6c21</run_address>
         <size>0x1d5</size>
         <input_file_ref idref="fl-4"/>
      </object_component>
      <object_component id="oc-4b5">
         <name>.debug_info</name>
         <load_address>0x6df6</load_address>
         <run_address>0x6df6</run_address>
         <size>0x1bb</size>
         <input_file_ref idref="fl-4"/>
      </object_component>
      <object_component id="oc-4a3">
         <name>.debug_info</name>
         <load_address>0x6fb1</load_address>
         <run_address>0x6fb1</run_address>
         <size>0x163</size>
         <input_file_ref idref="fl-4"/>
      </object_component>
      <object_component id="oc-4af">
         <name>.debug_info</name>
         <load_address>0x7114</load_address>
         <run_address>0x7114</run_address>
         <size>0x2f3</size>
         <input_file_ref idref="fl-4"/>
      </object_component>
      <object_component id="oc-301">
         <name>.debug_info</name>
         <load_address>0x7407</load_address>
         <run_address>0x7407</run_address>
         <size>0x1c9</size>
         <input_file_ref idref="fl-4"/>
      </object_component>
      <object_component id="oc-288">
         <name>.debug_info</name>
         <load_address>0x75d0</load_address>
         <run_address>0x75d0</run_address>
         <size>0x84</size>
         <input_file_ref idref="fl-5"/>
      </object_component>
      <object_component id="oc-5ef">
         <name>.debug_info</name>
         <load_address>0x7654</load_address>
         <run_address>0x7654</run_address>
         <size>0x103</size>
         <input_file_ref idref="fl-6"/>
      </object_component>
      <object_component id="oc-4c8">
         <name>.debug_info</name>
         <load_address>0x7757</load_address>
         <run_address>0x7757</run_address>
         <size>0x146</size>
         <input_file_ref idref="fl-6"/>
      </object_component>
      <object_component id="oc-4bc">
         <name>.debug_info</name>
         <load_address>0x789d</load_address>
         <run_address>0x789d</run_address>
         <size>0x19f</size>
         <input_file_ref idref="fl-6"/>
      </object_component>
      <object_component id="oc-4c2">
         <name>.debug_info</name>
         <load_address>0x7a3c</load_address>
         <run_address>0x7a3c</run_address>
         <size>0x23c</size>
         <input_file_ref idref="fl-6"/>
      </object_component>
      <object_component id="oc-5f9">
         <name>.debug_info</name>
         <load_address>0x7c78</load_address>
         <run_address>0x7c78</run_address>
         <size>0x15f</size>
         <input_file_ref idref="fl-9"/>
      </object_component>
      <object_component id="oc-328">
         <name>.debug_info</name>
         <load_address>0x7dd7</load_address>
         <run_address>0x7dd7</run_address>
         <size>0x1de</size>
         <input_file_ref idref="fl-9"/>
      </object_component>
      <object_component id="oc-322">
         <name>.debug_info</name>
         <load_address>0x7fb5</load_address>
         <run_address>0x7fb5</run_address>
         <size>0x19e</size>
         <input_file_ref idref="fl-9"/>
      </object_component>
      <object_component id="oc-4d8">
         <name>.debug_info</name>
         <load_address>0x8153</load_address>
         <run_address>0x8153</run_address>
         <size>0x1cb</size>
         <input_file_ref idref="fl-9"/>
      </object_component>
      <object_component id="oc-316">
         <name>.debug_info</name>
         <load_address>0x831e</load_address>
         <run_address>0x831e</run_address>
         <size>0x1ce</size>
         <input_file_ref idref="fl-9"/>
      </object_component>
      <object_component id="oc-4e4">
         <name>.debug_info</name>
         <load_address>0x84ec</load_address>
         <run_address>0x84ec</run_address>
         <size>0x1db</size>
         <input_file_ref idref="fl-9"/>
      </object_component>
      <object_component id="oc-4de">
         <name>.debug_info</name>
         <load_address>0x86c7</load_address>
         <run_address>0x86c7</run_address>
         <size>0x190</size>
         <input_file_ref idref="fl-9"/>
      </object_component>
      <object_component id="oc-31c">
         <name>.debug_info</name>
         <load_address>0x8857</load_address>
         <run_address>0x8857</run_address>
         <size>0x1c2</size>
         <input_file_ref idref="fl-9"/>
      </object_component>
      <object_component id="oc-643">
         <name>.debug_info</name>
         <load_address>0x8a19</load_address>
         <run_address>0x8a19</run_address>
         <size>0x164</size>
         <input_file_ref idref="fl-d"/>
      </object_component>
      <object_component id="oc-567">
         <name>.debug_info</name>
         <load_address>0x8b7d</load_address>
         <run_address>0x8b7d</run_address>
         <size>0xf7</size>
         <input_file_ref idref="fl-d"/>
      </object_component>
      <object_component id="oc-47d">
         <name>.debug_info</name>
         <load_address>0x8c74</load_address>
         <run_address>0x8c74</run_address>
         <size>0x1e6</size>
         <input_file_ref idref="fl-d"/>
      </object_component>
      <object_component id="oc-58b">
         <name>.debug_info</name>
         <load_address>0x8e5a</load_address>
         <run_address>0x8e5a</run_address>
         <size>0x1e8</size>
         <input_file_ref idref="fl-d"/>
      </object_component>
      <object_component id="oc-490">
         <name>.debug_info</name>
         <load_address>0x9042</load_address>
         <run_address>0x9042</run_address>
         <size>0x22f</size>
         <input_file_ref idref="fl-d"/>
      </object_component>
      <object_component id="oc-497">
         <name>.debug_info</name>
         <load_address>0x9271</load_address>
         <run_address>0x9271</run_address>
         <size>0x22e</size>
         <input_file_ref idref="fl-d"/>
      </object_component>
      <object_component id="oc-483">
         <name>.debug_info</name>
         <load_address>0x949f</load_address>
         <run_address>0x949f</run_address>
         <size>0x1dd</size>
         <input_file_ref idref="fl-d"/>
      </object_component>
      <object_component id="oc-489">
         <name>.debug_info</name>
         <load_address>0x967c</load_address>
         <run_address>0x967c</run_address>
         <size>0x202</size>
         <input_file_ref idref="fl-d"/>
      </object_component>
      <object_component id="oc-3dd">
         <name>.debug_info</name>
         <load_address>0x987e</load_address>
         <run_address>0x987e</run_address>
         <size>0x1e8</size>
         <input_file_ref idref="fl-d"/>
      </object_component>
      <object_component id="oc-60b">
         <name>.debug_info</name>
         <load_address>0x9a66</load_address>
         <run_address>0x9a66</run_address>
         <size>0x15d</size>
         <input_file_ref idref="fl-f"/>
      </object_component>
      <object_component id="oc-500">
         <name>.debug_info</name>
         <load_address>0x9bc3</load_address>
         <run_address>0x9bc3</run_address>
         <size>0x1ab</size>
         <input_file_ref idref="fl-f"/>
      </object_component>
      <object_component id="oc-4fa">
         <name>.debug_info</name>
         <load_address>0x9d6e</load_address>
         <run_address>0x9d6e</run_address>
         <size>0x1b1</size>
         <input_file_ref idref="fl-f"/>
      </object_component>
      <object_component id="oc-602">
         <name>.debug_info</name>
         <load_address>0x9f1f</load_address>
         <run_address>0x9f1f</run_address>
         <size>0x1bc</size>
         <input_file_ref idref="fl-f"/>
      </object_component>
      <object_component id="oc-4eb">
         <name>.debug_info</name>
         <load_address>0xa0db</load_address>
         <run_address>0xa0db</run_address>
         <size>0x304</size>
         <input_file_ref idref="fl-f"/>
      </object_component>
      <object_component id="oc-518">
         <name>.debug_info</name>
         <load_address>0xa3df</load_address>
         <run_address>0xa3df</run_address>
         <size>0x1ff</size>
         <input_file_ref idref="fl-f"/>
      </object_component>
      <object_component id="oc-50c">
         <name>.debug_info</name>
         <load_address>0xa5de</load_address>
         <run_address>0xa5de</run_address>
         <size>0x1a5</size>
         <input_file_ref idref="fl-f"/>
      </object_component>
      <object_component id="oc-51e">
         <name>.debug_info</name>
         <load_address>0xa783</load_address>
         <run_address>0xa783</run_address>
         <size>0x1cd</size>
         <input_file_ref idref="fl-f"/>
      </object_component>
      <object_component id="oc-524">
         <name>.debug_info</name>
         <load_address>0xa950</load_address>
         <run_address>0xa950</run_address>
         <size>0x165</size>
         <input_file_ref idref="fl-f"/>
      </object_component>
      <object_component id="oc-4f4">
         <name>.debug_info</name>
         <load_address>0xaab5</load_address>
         <run_address>0xaab5</run_address>
         <size>0x1a3</size>
         <input_file_ref idref="fl-f"/>
      </object_component>
      <object_component id="oc-506">
         <name>.debug_info</name>
         <load_address>0xac58</load_address>
         <run_address>0xac58</run_address>
         <size>0x181</size>
         <input_file_ref idref="fl-f"/>
      </object_component>
      <object_component id="oc-512">
         <name>.debug_info</name>
         <load_address>0xadd9</load_address>
         <run_address>0xadd9</run_address>
         <size>0x17d</size>
         <input_file_ref idref="fl-f"/>
      </object_component>
      <object_component id="oc-3c4">
         <name>.debug_info</name>
         <load_address>0xaf56</load_address>
         <run_address>0xaf56</run_address>
         <size>0x12d</size>
         <input_file_ref idref="fl-11"/>
      </object_component>
      <object_component id="oc-56e">
         <name>.debug_info</name>
         <load_address>0xb083</load_address>
         <run_address>0xb083</run_address>
         <size>0x178</size>
         <input_file_ref idref="fl-17"/>
      </object_component>
      <object_component id="oc-3e3">
         <name>.debug_info</name>
         <load_address>0xb1fb</load_address>
         <run_address>0xb1fb</run_address>
         <size>0x176</size>
         <input_file_ref idref="fl-17"/>
      </object_component>
      <object_component id="oc-584">
         <name>.debug_info</name>
         <load_address>0xb371</load_address>
         <run_address>0xb371</run_address>
         <size>0x1b9</size>
         <input_file_ref idref="fl-17"/>
      </object_component>
      <object_component id="oc-3ec">
         <name>.debug_info</name>
         <load_address>0xb52a</load_address>
         <run_address>0xb52a</run_address>
         <size>0x1a6</size>
         <input_file_ref idref="fl-17"/>
      </object_component>
      <object_component id="oc-534">
         <name>.debug_info</name>
         <load_address>0xb6d0</load_address>
         <run_address>0xb6d0</run_address>
         <size>0x1b5</size>
         <input_file_ref idref="fl-17"/>
      </object_component>
      <object_component id="oc-53d">
         <name>.debug_info</name>
         <load_address>0xb885</load_address>
         <run_address>0xb885</run_address>
         <size>0x1af</size>
         <input_file_ref idref="fl-17"/>
      </object_component>
      <object_component id="oc-32f">
         <name>.debug_info</name>
         <load_address>0xba34</load_address>
         <run_address>0xba34</run_address>
         <size>0x1e7</size>
         <input_file_ref idref="fl-17"/>
      </object_component>
      <object_component id="oc-335">
         <name>.debug_info</name>
         <load_address>0xbc1b</load_address>
         <run_address>0xbc1b</run_address>
         <size>0x1f1</size>
         <input_file_ref idref="fl-17"/>
      </object_component>
      <object_component id="oc-57e">
         <name>.debug_info</name>
         <load_address>0xbe0c</load_address>
         <run_address>0xbe0c</run_address>
         <size>0x175</size>
         <input_file_ref idref="fl-17"/>
      </object_component>
      <object_component id="oc-38e">
         <name>.debug_info</name>
         <load_address>0xbf81</load_address>
         <run_address>0xbf81</run_address>
         <size>0x18a</size>
         <input_file_ref idref="fl-1a"/>
      </object_component>
      <object_component id="oc-3f2">
         <name>.debug_info</name>
         <load_address>0xc10b</load_address>
         <run_address>0xc10b</run_address>
         <size>0x138</size>
         <input_file_ref idref="fl-35"/>
      </object_component>
      <object_component id="oc-570">
         <name>.debug_info</name>
         <load_address>0xc243</load_address>
         <run_address>0xc243</run_address>
         <size>0x124</size>
         <input_file_ref idref="fl-36"/>
      </object_component>
      <object_component id="oc-29c">
         <name>.debug_info</name>
         <load_address>0xc367</load_address>
         <run_address>0xc367</run_address>
         <size>0x112</size>
         <input_file_ref idref="fl-44"/>
      </object_component>
      <object_component id="oc-5ea">
         <name>.debug_info</name>
         <load_address>0xc479</load_address>
         <run_address>0xc479</run_address>
         <size>0x123</size>
         <input_file_ref idref="fl-45"/>
      </object_component>
      <object_component id="oc-5ff">
         <name>.debug_info</name>
         <load_address>0xc59c</load_address>
         <run_address>0xc59c</run_address>
         <size>0x123</size>
         <input_file_ref idref="fl-46"/>
      </object_component>
      <object_component id="oc-654">
         <name>.debug_info</name>
         <load_address>0xc6bf</load_address>
         <run_address>0xc6bf</run_address>
         <size>0x124</size>
         <input_file_ref idref="fl-47"/>
      </object_component>
      <object_component id="oc-27c">
         <name>.debug_info</name>
         <load_address>0xc7e3</load_address>
         <run_address>0xc7e3</run_address>
         <size>0x100</size>
         <input_file_ref idref="fl-49"/>
      </object_component>
      <object_component id="oc-2c6">
         <name>.debug_info</name>
         <load_address>0xc8e3</load_address>
         <run_address>0xc8e3</run_address>
         <size>0x17a</size>
         <input_file_ref idref="fl-49"/>
      </object_component>
      <object_component id="oc-5c5">
         <name>.debug_info</name>
         <load_address>0xca5d</load_address>
         <run_address>0xca5d</run_address>
         <size>0x4a8</size>
         <input_file_ref idref="fl-4a"/>
      </object_component>
      <object_component id="oc-446">
         <name>.debug_info</name>
         <load_address>0xcf05</load_address>
         <run_address>0xcf05</run_address>
         <size>0x216</size>
[...]
         <name>Init_LCD</name>
         <value>0xc8d8</value>
         <object_component_ref idref="oc-3b1"/>
      </symbol>
      <symbol id="sm-2e2">
         <name>alphabetBig</name>
         <value>0xc478</value>
         <object_component_ref idref="oc-575"/>
      </symbol>
      <symbol id="sm-2e3">
         <name>digit</name>
         <value>0xc4c8</value>
         <object_component_ref idref="oc-578"/>
      </symbol>
      <symbol id="sm-40c">
         <name>rear_thresholds</name>
         <value>0x20ca</value>
      </symbol>
      <symbol id="sm-40d">
         <name>on_double_button_hold</name>
         <value>0xd634</value>
         <object_component_ref idref="oc-3d0"/>
      </symbol>
      <symbol id="sm-40e">
         <name>ADC_ISR</name>
         <value>0xd7c8</value>
         <object_component_ref idref="oc-29e"/>
      </symbol>
      <symbol id="sm-40f">
         <name>Init_ADC</name>
         <value>0xd306</value>
         <object_component_ref idref="oc-39f"/>
      </symbol>
      <symbol id="sm-410">
         <name>Init_GPIO</name>
         <value>0xc9aa</value>
         <object_component_ref idref="oc-393"/>
      </symbol>
      <symbol id="sm-411">
         <name>set_rear_distance_thresholds</name>
         <value>0xce58</value>
         <object_component_ref idref="oc-634"/>
      </symbol>
      <symbol id="sm-412">
         <name>__TI_int48</name>
         <value>0xffe8</value>
         <object_component_ref idref="oc-73"/>
      </symbol>
      <symbol id="sm-413">
         <name>on_single_button_hold</name>
         <value>0xd248</value>
         <object_component_ref idref="oc-55f"/>
      </symbol>
      <symbol id="sm-414">
         <name>__TI_int53</name>
         <value>0xfff2</value>
         <object_component_ref idref="oc-78"/>
      </symbol>
      <symbol id="sm-415">
         <name>__TI_int50</name>
         <value>0xffec</value>
         <object_component_ref idref="oc-75"/>
      </symbol>
      <symbol id="sm-416">
         <name>on_button_click</name>
         <value>0xd2a8</value>
         <object_component_ref idref="oc-6a7"/>
      </symbol>
      <symbol id="sm-417">
         <name>user_mode</name>
         <value>0xcbec</value>
         <object_component_ref idref="oc-3d6"/>
      </symbol>
      <symbol id="sm-418">
         <name>mDelay</name>
         <value>0xd9e4</value>
         <object_component_ref idref="oc-5aa"/>
      </symbol>
      <symbol id="sm-419">
         <name>uDelay</name>
         <value>0xda26</value>
         <object_component_ref idref="oc-590"/>
      </symbol>
      <symbol id="sm-41a">
         <name>Init_PWM</name>
         <value>0xd7f8</value>
         <object_component_ref idref="oc-399"/>
      </symbol>
      <symbol id="sm-41b">
         <name>Init_Clock</name>
         <value>0xd506</value>
         <object_component_ref idref="oc-3a5"/>
      </symbol>
      <symbol id="sm-41c">
         <name>main</name>
         <value>0xc51a</value>
         <object_component_ref idref="oc-348"/>
      </symbol>
      <symbol id="sm-41d">
         <name>flash_led</name>
         <value>0xd3aa</value>
         <object_component_ref idref="oc-5a4"/>
      </symbol>
      <symbol id="sm-41e">
         <name>TA1_ISR</name>
         <value>0xd440</value>
         <object_component_ref idref="oc-2aa"/>
      </symbol>
      <symbol id="sm-41f">
         <name>ADCResult</name>
         <value>0x20a8</value>
         <object_component_ref idref="oc-306"/>
      </symbol>
      <symbol id="sm-420">
         <name>turn_off_buzzer</name>
         <value>0xda10</value>
         <object_component_ref idref="oc-59e"/>
      </symbol>
      <symbol id="sm-421">
         <name>reset_timer_a</name>
         <value>0xd904</value>
         <object_component_ref idref="oc-402"/>
      </symbol>
      <symbol id="sm-422">
         <name>ADCState</name>
         <value>0x20a6</value>
         <object_component_ref idref="oc-306"/>
      </symbol>
      <symbol id="sm-423">
         <name>calculate_distance</name>
         <value>0xdab0</value>
         <object_component_ref idref="oc-40e"/>
      </symbol>
      <symbol id="sm-424">
         <name>adjust_distance</name>
         <value>0xcee2</value>
         <object_component_ref idref="oc-68d"/>
      </symbol>
      <symbol id="sm-425">
         <name>direction</name>
         <value>0x20a2</value>
         <object_component_ref idref="oc-306"/>
      </symbol>
      <symbol id="sm-426">
         <name>turn_on_led</name>
         <value>0xcf68</value>
         <object_component_ref idref="oc-414"/>
      </symbol>
      <symbol id="sm-427">
         <name>edge_check</name>
         <value>0x20a4</value>
         <object_component_ref idref="oc-306"/>
      </symbol>
      <symbol id="sm-428">
         <name>EUSCIA0_ISR</name>
         <value>0xd706</value>
         <object_component_ref idref="oc-2a4"/>
      </symbol>
      <symbol id="sm-429">
         <name>Init_UART</name>
         <value>0xcfec</value>
         <object_component_ref idref="oc-3ab"/>
      </symbol>
      <symbol id="sm-42a">
         <name>send_trigger</name>
         <value>0xd8c4</value>
         <object_component_ref idref="oc-408"/>
      </symbol>
      <symbol id="sm-42b">
         <name>turn_on_buzzer</name>
         <value>0xd3f8</value>
         <object_component_ref idref="oc-41a"/>
      </symbol>
      <symbol id="sm-42c">
         <name>init_timer</name>
         <value>0xd166</value>
         <object_component_ref idref="oc-3bd"/>
      </symbol>
      <symbol id="sm-42d">
         <name>turn_off_all_leds</name>
         <value>0xd87a</value>
         <object_component_ref idref="oc-598"/>
      </symbol>
      <symbol id="sm-42e">
         <name>Init_Distance_Sensor</name>
         <value>0xdace</value>
         <object_component_ref idref="oc-3b7"/>
      </symbol>
      <symbol id="sm-42f">
         <name>time</name>
         <value>0x20a0</value>
         <object_component_ref idref="oc-306"/>
      </symbol>
      <symbol id="sm-472">
         <name>ADC_setupSamplingTimer</name>
         <value>0xda3c</value>
         <object_component_ref idref="oc-4a8"/>
      </symbol>
      <symbol id="sm-473">
         <name>ADC_configureMemory</name>
         <value>0xd738</value>
         <object_component_ref idref="oc-4ae"/>
      </symbol>
      <symbol id="sm-474">
         <name>ADC_enableInterrupt</name>
         <value>0xdb78</value>
         <object_component_ref idref="oc-4b4"/>
      </symbol>
      <symbol id="sm-475">
         <name>ADC_startConversion</name>
         <value>0xd98c</value>
         <object_component_ref idref="oc-3fc"/>
      </symbol>
      <symbol id="sm-476">
         <name>ADC_getInterruptStatus</name>
         <value>0xdb3a</value>
         <object_component_ref idref="oc-2fa"/>
      </symbol>
      <symbol id="sm-477">
         <name>ADC_init</name>
         <value>0xd66a</value>
         <object_component_ref idref="oc-49c"/>
      </symbol>
      <symbol id="sm-478">
         <name>ADC_getResults</name>
         <value>0xdb7e</value>
         <object_component_ref idref="oc-309"/>
      </symbol>
      <symbol id="sm-479">
         <name>ADC_enable</name>
         <value>0xdb32</value>
         <object_component_ref idref="oc-4a2"/>
      </symbol>
      <symbol id="sm-47a">
         <name>ADC_clearInterrupt</name>
         <value>0xdb72</value>
         <object_component_ref idref="oc-300"/>
      </symbol>
      <symbol id="sm-4a9">
         <name>CS_setExternalClockSource</name>
         <value>0xdb0a</value>
         <object_component_ref idref="oc-4bb"/>
      </symbol>
      <symbol id="sm-4aa">
         <name>CS_turnOnXT1LF</name>
         <value>0xd768</value>
         <object_component_ref idref="oc-4c7"/>
      </symbol>
      <symbol id="sm-4ab">
         <name>CS_initClockSignal</name>
         <value>0xca76</value>
         <object_component_ref idref="oc-4c1"/>
      </symbol>
      <symbol id="sm-4ea">
         <name>EUSCI_A_UART_enableInterrupt</name>
         <value>0xd93e</value>
         <object_component_ref idref="oc-4e3"/>
      </symbol>
      <symbol id="sm-4eb">
         <name>EUSCI_A_UART_init</name>
         <value>0xcdc8</value>
         <object_component_ref idref="oc-4d7"/>
      </symbol>
      <symbol id="sm-4ec">
         <name>EUSCI_A_UART_enable</name>
         <value>0xdb8a</value>
         <object_component_ref idref="oc-4dd"/>
      </symbol>
      <symbol id="sm-4ed">
         <name>EUSCI_A_UART_receiveData</name>
         <value>0xda50</value>
         <object_component_ref idref="oc-321"/>
      </symbol>
      <symbol id="sm-4ee">
         <name>EUSCI_A_UART_getInterruptStatus</name>
         <value>0xdb42</value>
         <object_component_ref idref="oc-315"/>
      </symbol>
      <symbol id="sm-4ef">
         <name>EUSCI_A_UART_clearInterrupt</name>
         <value>0xdb84</value>
         <object_component_ref idref="oc-31b"/>
      </symbol>
      <symbol id="sm-4f0">
         <name>EUSCI_A_UART_transmitData</name>
         <value>0xda64</value>
         <object_component_ref idref="oc-327"/>
      </symbol>
      <symbol id="sm-53d">
         <name>GPIO_setOutputHighOnPin</name>
         <value>0xd9a2</value>
         <object_component_ref idref="oc-58a"/>
      </symbol>
      <symbol id="sm-53e">
         <name>GPIO_setAsInputPinWithPullUpResistor</name>
         <value>0xd8a2</value>
         <object_component_ref idref="oc-488"/>
      </symbol>
      <symbol id="sm-53f">
         <name>GPIO_setAsOutputPin</name>
         <value>0xd972</value>
         <object_component_ref idref="oc-482"/>
      </symbol>
      <symbol id="sm-540">
         <name>GPIO_setOutputLowOnPin</name>
         <value>0xd9b8</value>
         <object_component_ref idref="oc-47c"/>
      </symbol>
      <symbol id="sm-541">
         <name>GPIO_setAsPeripheralModuleFunctionOutputPin</name>
         <value>0xd6d2</value>
         <object_component_ref idref="oc-48f"/>
      </symbol>
      <symbol id="sm-542">
         <name>GPIO_getInputPinValue</name>
         <value>0xd958</value>
         <object_component_ref idref="oc-3dc"/>
      </symbol>
      <symbol id="sm-543">
         <name>GPIO_setAsPeripheralModuleFunctionInputPin</name>
         <value>0xd69e</value>
         <object_component_ref idref="oc-496"/>
      </symbol>
      <symbol id="sm-5a4">
         <name>LCD_E_clearAllMemory</name>
         <value>0xdb90</value>
         <object_component_ref idref="oc-511"/>
      </symbol>
      <symbol id="sm-5a5">
         <name>LCD_E_on</name>
         <value>0xdada</value>
         <object_component_ref idref="oc-523"/>
      </symbol>
      <symbol id="sm-5a6">
         <name>LCD_E_setPinAsCOM</name>
         <value>0xcc96</value>
         <object_component_ref idref="oc-517"/>
      </symbol>
      <symbol id="sm-5a7">
         <name>LCD_E_setVLCDSource</name>
         <value>0xda8c</value>
         <object_component_ref idref="oc-4f9"/>
      </symbol>
      <symbol id="sm-5a8">
         <name>LCD_E_selectDisplayMemory</name>
         <value>0xdb14</value>
         <object_component_ref idref="oc-51d"/>
      </symbol>
      <symbol id="sm-5a9">
         <name>LCD_E_setChargePumpFreq</name>
         <value>0xdae6</value>
         <object_component_ref idref="oc-50b"/>
      </symbol>
      <symbol id="sm-5aa">
         <name>LCD_E_init</name>
         <value>0xd852</value>
         <object_component_ref idref="oc-4f3"/>
      </symbol>
      <symbol id="sm-5ab">
         <name>LCD_E_enableChargePump</name>
         <value>0xdb4a</value>
         <object_component_ref idref="oc-505"/>
      </symbol>
      <symbol id="sm-5ac">
         <name>LCD_E_setVLCDVoltage</name>
         <value>0xdaf2</value>
         <object_component_ref idref="oc-4ff"/>
      </symbol>
      <symbol id="sm-5ad">
         <name>LCD_E_setPinAsLCDFunctionEx</name>
         <value>0xd06c</value>
         <object_component_ref idref="oc-4ea"/>
      </symbol>
      <symbol id="sm-5b7">
         <name>PMM_unlockLPM5</name>
         <value>0xdb96</value>
         <object_component_ref idref="oc-3c3"/>
      </symbol>
      <symbol id="sm-5fa">
         <name>Timer_A_outputPWM</name>
         <value>0xd35a</value>
         <object_component_ref idref="oc-3eb"/>
      </symbol>
      <symbol id="sm-5fb">
         <name>Timer_A_clearCaptureCompareInterrupt</name>
         <value>0xdb52</value>
         <object_component_ref idref="oc-334"/>
      </symbol>
      <symbol id="sm-5fc">
         <name>Timer_A_initContinuousMode</name>
         <value>0xd486</value>
         <object_component_ref idref="oc-533"/>
      </symbol>
      <symbol id="sm-5fd">
         <name>Timer_A_startCounter</name>
         <value>0xdafe</value>
         <object_component_ref idref="oc-583"/>
      </symbol>
      <symbol id="sm-5fe">
         <name>Timer_A_getCaptureCompareCount</name>
         <value>0xdb5a</value>
         <object_component_ref idref="oc-32e"/>
      </symbol>
      <symbol id="sm-5ff">
         <name>Timer_A_stop</name>
         <value>0xdb62</value>
         <object_component_ref idref="oc-3e2"/>
      </symbol>
      <symbol id="sm-600">
         <name>Timer_A_initCaptureMode</name>
         <value>0xd798</value>
         <object_component_ref idref="oc-53c"/>
      </symbol>
      <symbol id="sm-601">
         <name>Timer_A_clear</name>
         <value>0xdb9c</value>
         <object_component_ref idref="oc-57d"/>
      </symbol>
      <symbol id="sm-60c">
         <name>WDT_A_hold</name>
         <value>0xd9ce</value>
         <object_component_ref idref="oc-38d"/>
      </symbol>
      <symbol id="sm-618">
         <name>__mspabi_remi</name>
         <value>0xd826</value>
         <object_component_ref idref="oc-3f1"/>
      </symbol>
      <symbol id="sm-619">
         <name>__mspabi_divi</name>
         <value>0xd826</value>
         <object_component_ref idref="oc-3f1"/>
      </symbol>
      <symbol id="sm-623">
         <name>__mspabi_remu</name>
         <value>0xd9fa</value>
         <object_component_ref idref="oc-56f"/>
      </symbol>
      <symbol id="sm-624">
         <name>__mspabi_divu</name>
         <value>0xd9fa</value>
         <object_component_ref idref="oc-56f"/>
      </symbol>
      <symbol id="sm-629">
         <name>__TI_int45</name>
         <value>0xffe2</value>
         <object_component_ref idref="oc-70"/>
      </symbol>
      <symbol id="sm-62c">
         <name>__TI_int46</name>
         <value>0xffe4</value>
         <object_component_ref idref="oc-71"/>
      </symbol>
      <symbol id="sm-62f">
         <name>__TI_int47</name>
         <value>0xffe6</value>
         <object_component_ref idref="oc-72"/>
      </symbol>
      <symbol id="sm-632">
         <name>__TI_int49</name>
         <value>0xffea</value>
         <object_component_ref idref="oc-74"/>
      </symbol>
      <symbol id="sm-635">
         <name>__TI_int51</name>
         <value>0xffee</value>
         <object_component_ref idref="oc-76"/>
      </symbol>
      <symbol id="sm-638">
         <name>__TI_int52</name>
         <value>0xfff0</value>
         <object_component_ref idref="oc-77"/>
      </symbol>
      <symbol id="sm-63b">
         <name>__TI_int54</name>
         <value>0xfff4</value>
         <object_component_ref idref="oc-79"/>
      </symbol>
      <symbol id="sm-63e">
         <name>__TI_int55</name>
         <value>0xfff6</value>
         <object_component_ref idref="oc-7a"/>
      </symbol>
      <symbol id="sm-641">
         <name>__TI_int56</name>
         <value>0xfff8</value>
         <object_component_ref idref="oc-7b"/>
      </symbol>
      <symbol id="sm-644">
         <name>__TI_int57</name>
         <value>0xfffa</value>
         <object_component_ref idref="oc-7c"/>
      </symbol>
      <symbol id="sm-647">
         <name>__TI_int58</name>
         <value>0xfffc</value>
         <object_component_ref idref="oc-7d"/>
      </symbol>
      <symbol id="sm-64f">
         <name>__TI_ISR_TRAP</name>
         <value>0xdb6a</value>
         <object_component_ref idref="oc-299"/>
      </symbol>
      <symbol id="sm-658">
         <name>__mspabi_slli</name>
         <value>0xdb1e</value>
         <object_component_ref idref="oc-5e7"/>
      </symbol>
      <symbol id="sm-661">
         <name>__mspabi_srli</name>
         <value>0xdb28</value>
         <object_component_ref idref="oc-5fc"/>
      </symbol>
      <symbol id="sm-66b">
         <name>__mspabi_mpyi_sw</name>
         <value>0xda78</value>
         <object_component_ref idref="oc-651"/>
      </symbol>
      <symbol id="sm-66c">
         <name>__mspabi_mpyi</name>
         <value>0xda78</value>
         <object_component_ref idref="oc-651"/>
      </symbol>
      <symbol id="sm-67d">
         <name>_stack</name>
         <value>0x2760</value>
         <object_component_ref idref="oc-27b"/>
      </symbol>
      <symbol id="sm-67e">
         <name>_c_int00_noargs</name>
         <value>0xd922</value>
         <object_component_ref idref="oc-2c2"/>
      </symbol>
      <symbol id="sm-67f">
         <name>_reset_vector</name>
         <value>0xfffe</value>
         <object_component_ref idref="oc-27e"/>
      </symbol>
      <symbol id="sm-6a1">
         <name>__TI_auto_init_nobinit_nopinit_hold_wdt</name>
         <value>0xd1de</value>
         <object_component_ref idref="oc-445"/>
      </symbol>
      <symbol id="sm-6b1">
         <name>__TI_zero_init_nomemset</name>
         <value>0xd582</value>
         <object_component_ref idref="oc-2b0"/>
      </symbol>
      <symbol id="sm-6bc">
         <name>_system_pre_init</name>
         <value>0xdba8</value>
         <object_component_ref idref="oc-342"/>
      </symbol>
      <symbol id="sm-6c5">
         <name>_system_post_cinit</name>
         <value>0xdbae</value>
         <object_component_ref idref="oc-5be"/>
      </symbol>
      <symbol id="sm-6d6">
         <name>__TI_decompress_none</name>
         <value>0xd5c0</value>
         <object_component_ref idref="oc-6a"/>
      </symbol>
      <symbol id="sm-6f7">
         <name>__TI_decompress_lzss</name>
         <value>0xc714</value>
         <object_component_ref idref="oc-64"/>
      </symbol>
      <symbol id="sm-701">
         <name>C$$EXIT</name>
         <value>0xdba2</value>
         <object_component_ref idref="oc-421"/>
      </symbol>
      <symbol id="sm-702">
         <name>abort</name>
         <value>0xdba2</value>
         <object_component_ref idref="oc-421"/>
      </symbol>
      <symbol id="sm-743">
         <name>_sys_memory</name>
         <value>0x2000</value>
         <object_component_ref idref="oc-27f"/>
      </symbol>
      <symbol id="sm-744">
         <name>malloc</name>
         <value>0xcb3e</value>
         <object_component_ref idref="oc-3c9"/>
      </symbol>
      <symbol id="sm-745">
         <name>minit</name>
         <value>0xd5fc</value>
         <object_component_ref idref="oc-54a"/>
      </symbol>
      <symbol id="sm-75b">
         <name>_nop</name>
         <value>0xdbac</value>
         <object_component_ref idref="oc-61a"/>
      </symbol>
      <symbol id="sm-75c">
         <name>_lock</name>
         <value>0x20aa</value>
         <object_component_ref idref="oc-544"/>
      </symbol>
      <symbol id="sm-75d">
         <name>_unlock</name>
         <value>0x20ae</value>
         <object_component_ref idref="oc-553"/>
      </symbol>
      <symbol id="sm-76c">
         <name>memcpy</name>
         <value>0xda9e</value>
         <object_component_ref idref="oc-4d1"/>
      </symbol>
      <symbol id="sm-779">
         <name>strlen</name>
         <value>0xdac0</value>
         <object_component_ref idref="oc-62a"/>
      </symbol>
      <symbol id="sm-784">
         <name>__memcpy_far</name>
         <value>0xd4c6</value>
         <object_component_ref idref="oc-28d"/>
      </symbol>
   </symbol_table>
   <title>Link successful</title>
</link_info>
